stm32f4xx_hal_rtc.c:246:19:HAL_RTC_Init	16	static
stm32f4xx_hal_rtc.c:363:19:HAL_RTC_DeInit	24	static
stm32f4xx_hal_rtc.c:672:13:HAL_RTC_MspInit	16	static
stm32f4xx_hal_rtc.c:687:13:HAL_RTC_MspDeInit	16	static
stm32f4xx_hal_rtc.c:725:19:HAL_RTC_SetTime	40	static
stm32f4xx_hal_rtc.c:856:19:HAL_RTC_GetTime	32	static
stm32f4xx_hal_rtc.c:901:19:HAL_RTC_SetDate	40	static
stm32f4xx_hal_rtc.c:1011:19:HAL_RTC_GetDate	32	static
stm32f4xx_hal_rtc.c:1066:19:HAL_RTC_SetAlarm	48	static
stm32f4xx_hal_rtc.c:1249:19:HAL_RTC_SetAlarm_IT	48	static
stm32f4xx_hal_rtc.c:1432:19:HAL_RTC_DeactivateAlarm	24	static
stm32f4xx_hal_rtc.c:1529:19:HAL_RTC_GetAlarm	32	static
stm32f4xx_hal_rtc.c:1580:6:HAL_RTC_AlarmIRQHandler	16	static
stm32f4xx_hal_rtc.c:1631:13:HAL_RTC_AlarmAEventCallback	16	static
stm32f4xx_hal_rtc.c:1647:19:HAL_RTC_PollForAlarmAEvent	24	static
stm32f4xx_hal_rtc.c:1709:19:HAL_RTC_WaitForSynchro	24	static
stm32f4xx_hal_rtc.c:1755:21:HAL_RTC_GetState	16	static
stm32f4xx_hal_rtc.c:1772:19:RTC_EnterInitMode	24	static
stm32f4xx_hal_rtc.c:1804:9:RTC_ByteToBcd2	24	static
stm32f4xx_hal_rtc.c:1822:9:RTC_Bcd2ToByte	24	static
