main.c:127:10:read_TIM5	4	static
main.c:132:6:HAL_GPIO_EXTI_Callback	16	static
main.c:145:6:setup_mpu	40	static
main.c:155:6:make_message	80	static
main.c:191:9:checksum	24	static
main.c:199:6:make_lidar_string	24	static
main.c:216:6:delay	24	static
main.c:222:6:cp	16	static
main.c:228:6:HAL_TIM_OC_DelayElapsedCallback	16	static
main.c:256:6:HAL_UART_RxCpltCallback	16	static
main.c:268:5:main	24	static
main.c:391:6:SystemClock_Config	104	static
main.c:442:13:MX_I2C1_Init	8	static
main.c:476:13:MX_RTC_Init	8	static
main.c:510:13:MX_TIM1_Init	96	static
main.c:585:13:MX_TIM3_Init	64	static
main.c:645:13:MX_TIM5_Init	64	static
main.c:705:13:MX_UART4_Init	8	static
main.c:738:13:MX_UART5_Init	8	static
main.c:769:13:MX_DMA_Init	16	static
main.c:796:13:MX_GPIO_Init	56	static
main.c:838:6:Error_Handler	4	static
